// Jest Snapshot v1, https://goo.gl/fbAQLP

exports[`Load component snappy renders LOAD button 1`] = `
<DocumentFragment>
  <button
    data-testid="button"
  >
    LOAD
  </button>
</DocumentFragment>
`;
